Turbo Assembler	 Version 4.1	    02/09/26 21:22:12	    Page 1
video.asm



      1	0000			     .model tiny
      2	0000			     .code
      3				     org 100h
      4
      5	0100  B8 B800		     Start:  mov ax, 0b800h
      6	0103  8E C0			     mov es, ax
      7
      8	0105  33 DB			     xor bx, bx
      9	0107  BB 0370			     mov bx, 160 * 5 + 80
     10
     11	010A  26: C6 07	03		     mov byte ptr es:[bx],   03h
     12	010E  26: C6 47	01 04		     mov byte ptr es:[bx+1], 04h
     13
     14	0113  B8 4C00			     mov ax, 4C00h
     15	0116  CD 21			     int 21h
     16
     17				     end Start
Turbo Assembler	 Version 4.1	    02/09/26 21:22:12	    Page 2
Symbol Table




Symbol Name			  Type	 Value

??DATE				  Text	 "02/09/26"
??FILENAME			  Text	 "video	  "
??TIME				  Text	 "21:22:12"
??VERSION			  Number 040A
@32BIT				  Text	 0
@CODE				  Text	 DGROUP
@CODESIZE			  Text	 0
@CPU				  Text	 0101H
@CURSEG				  Text	 _TEXT
@DATA				  Text	 DGROUP
@DATASIZE			  Text	 0
@FILENAME			  Text	 VIDEO
@INTERFACE			  Text	 000H
@MODEL				  Text	 1
@STACK				  Text	 DGROUP
@WORDSIZE			  Text	 2
START				  Near	 DGROUP:0100

Groups & Segments		  Bit Size Align  Combine Class

DGROUP				  Group
  _DATA				  16  0000 Word	  Public  DATA
  _TEXT				  16  0118 Word	  Public  CODE
