Turbo Assembler	 Version 4.1	    02/09/26 21:39:59	    Page 1
videolin.asm



      1	0000			     .model tiny
      2	0000			     .code
      3				     org 100h
      4
      5	0100  B8 B800		     Start:  mov ax, 0B800h
      6	0103  8E C0			     mov es, ax
      7
      8	0105  33 DB			     xor bx, bx
      9	0107  BB 0320			     mov bx, 160 * 5
     10
     11					     ; init loop
     12
     13	010A  33 C9			     xor cx, cx
     14	010C  B9 0050			     mov cx, 80
     15
     16	010F				     lineOut:
     17	010F  26: C6 07	03		     mov byte ptr es:[bx], 03h
     18
     19	0113  26: C6 47	01 04		     mov byte ptr es:[bx+1], 04h
     20	0118  43			     inc bx
     21	0119  43			     inc bx
     22
     23	011A  E2 F3			     loop lineOut
     24
     25	011C  B8 4C00			     mov ax, 4C00h
     26	011F  CD 21			     int 21h
     27
     28				     end Start
Turbo Assembler	 Version 4.1	    02/09/26 21:39:59	    Page 2
Symbol Table




Symbol Name			  Type	 Value

??DATE				  Text	 "02/09/26"
??FILENAME			  Text	 "videolin"
??TIME				  Text	 "21:39:59"
??VERSION			  Number 040A
@32BIT				  Text	 0
@CODE				  Text	 DGROUP
@CODESIZE			  Text	 0
@CPU				  Text	 0101H
@CURSEG				  Text	 _TEXT
@DATA				  Text	 DGROUP
@DATASIZE			  Text	 0
@FILENAME			  Text	 VIDEOLIN
@INTERFACE			  Text	 000H
@MODEL				  Text	 1
@STACK				  Text	 DGROUP
@WORDSIZE			  Text	 2
LINEOUT				  Near	 DGROUP:010F
START				  Near	 DGROUP:0100

Groups & Segments		  Bit Size Align  Combine Class

DGROUP				  Group
  _DATA				  16  0000 Word	  Public  DATA
  _TEXT				  16  0121 Word	  Public  CODE
