Turbo Assembler	 Version 4.1	    02/11/26 34:30:12	    Page 1
vidframe.asm



      1	0000			     .model tiny
      2	0000			     .code
      3				     .286
      4				     org 100h
      5
      6	      =0004		     COLOR	       EQU 04h
      7	      =0015		     TEXT_COLOR	       EQU 15h
      8
      9	      =0004		     NO_MODE_SYMB  EQU 04h
     10	      =0003		     MODE_ONE_SYMB EQU 03h
     11	      =0005		     MODE_TWO_SYMB EQU 05h
     12
     13	0100  B8 B800		     Start:  mov ax, 0B800h  ; initializing video memory segment register
     14	0103  8E C0			     mov es, ax
     15
     16	0105  33 DB			     xor bx, bx
     17	0107  BB 0370			     mov bx, 160 * 5 + 80; init	video segment shift
     18
     19	010A  B6 24			     mov dh, 24h ; $ ASCII endStrSym
     20
     21					     ; read mode from cmd and put in dl	symbol for frame
     22
     23	010C  E8 0005			     call chooseMode
     24
     25					     ; end programm interrupt
     26	010F				     endProgram:
     27	010F  B8 4C00			     mov ax, 4C00h
     28	0112  CD 21			     int 21h
     29
     30				     ;-----------------------------------------------------------------------
     31				     ; Analyzes	cmd line and calls mode	chosen in cmd
     32				     ; Entry: nop
     33				     ; Exit:  dl = symbol if basicMode chosen
     34				     ; Exp:   nop
     35				     ; Destr: si, dl
     36				     ;-----------------------------------------------------------------------
     37
     38	0114			     chooseMode	     PROC
     39	0114  BE 0080			     mov si, 80h   ; write in si cmd len addr
     40
     41	0117  8A 14			     mov dl, [si]  ; write in dl temporary cmd length
     42
     43	0119  80 FA 00			     cmp dl, 0
     44	011C  75 03			     jne skipNoMode   ;	handle the no mode case
     45	011E					     wrongMode:	  ; jump here if number	don't match appropriate
     46	011E  B2 04				     mov dl, NO_MODE_SYMB
     47	0120  C3				     ret
     48	0121				     skipNoMode:
     49
     50					     ; get mode	number
     51
     52	0121  BE 0082			     mov si, 82h
     53	0124  8A 14			     mov dl, [si]
     54
     55					     ; handle mode number
     56
     57	0126  80 FA 30			     cmp dl, 0 + '0'
Turbo Assembler	 Version 4.1	    02/11/26 34:30:12	    Page 2
vidframe.asm



     58	0129  75 04			     jne notZeroMode
     59	012B  E8 0064				     call complicatedMode
     60	012E  C3				     ret
     61	012F				     notZeroMode:
     62
     63	012F  80 FA 31			     cmp dl, 1 + '0'
     64	0132  75 06			     jne notFirstMode
     65	0134  B2 03				     mov dl, MODE_ONE_SYMB
     66	0136  E8 0015				     call basicMode
     67	0139  C3				     ret
     68	013A				     notFirstMode:
     69
     70	013A  80 FA 32			     cmp dl, 2 + '0'
     71	013D  75 06			     jne notSecondMode
     72	013F  B2 05				     mov dl, MODE_TWO_SYMB
     73	0141  E8 000A				     call basicMode
     74	0144  C3				     ret
     75	0145				     notSecondMode:
     76
     77	0145  80 FA 33			     cmp dl, 3 + '0'
     78	0148  75 D4			     jne wrongMode
     79	014A  E8 0091				     call animationMode
     80	014D  C3				     ret
     81
     82	014E			     chooseMode	ENDP
     83
     84				     ;-----------------------------------------------------------------------
     85				     ; Drawing basic version of	frame just around string with the symbol with code in dl
     86				     ; Entry: dl = symbol of frame
     87				     ; Exit:  nop
     88				     ; Exp:   nop
     89				     ; Destr: ax, bx, cx, si, di
     90				     ;-----------------------------------------------------------------------
     91
     92	014E			     basicMode PROC
     93	014E  BE 0084			     mov si, 84h     ; string to print addr -> si
     94
     95	0151  E8 019A			     call strlen   ; count string length procedure
     96
     97	0154  8B C1			     mov ax, cx
     98	0156  05 0002			     add ax, 2
     99	0159  03 C0			     add ax, ax
    100	015B  E8 01B4			     call alignFrame
    101
    102	015E  8B C1			     mov ax, cx
    103	0160  05 0002			     add ax, 2
    104	0163  E8 015D			     call printFrame
    105
    106	0166  BF 0002			     mov di, 2
    107	0169  E8 019D			     call videoMemPointerMoveBack
    108
    109	016C  81 C3 00A0		     add bx, 160     ; move to next line
    110
    111	0170  E8 018A			     call outSymbol	     ; part of frame
    112	0173  E8 0163			     call printText
    113	0176  E8 0184			     call outSymbol	     ; part of frame
    114
Turbo Assembler	 Version 4.1	    02/11/26 34:30:12	    Page 3
vidframe.asm



    115	0179  BF 0002			     mov di, 2
    116	017C  E8 018A			     call videoMemPointerMoveBack
    117
    118	017F  81 C3 00A0		     add bx, 160     ; move to next line
    119
    120	0183  8B C1			     mov ax, cx
    121	0185  05 0002			     add ax, 2
    122	0188  E8 0138			     call printFrame
    123
    124	018B  BF 0002			     mov di, 2
    125	018E  E8 0178			     call videoMemPointerMoveBack
    126
    127	0191  C3			     ret
    128	0192			     basicMode ENDP
    129
    130				     ;-----------------------------------------------------------------------
    131				     ; Drawing complicated version of frame with additional parameter in cmd line
    132				     ; Entry: si = pointer to next symbol to print
    133				     ; Exit:  nop
    134				     ; Exp:   nop
    135				     ; Destr: si, ax, cx, dl, bx
    136				     ;-----------------------------------------------------------------------
    137
    138	      =008E		     TEXT_START_ADDR EQU      84h + 10
    139	      =0084		     FRAME_SYM_START_ADDR EQU 84h
    140
    141	0192			     complicatedMode PROC
    142	0192  BE 008E			     mov si, TEXT_START_ADDR ; get strlen
    143	0195  E8 0156			     call strlen
    144
    145	0198  BE 0084			     mov si, FRAME_SYM_START_ADDR
    146
    147					     ; put align num in	ax
    148	019B  8B C1			     mov ax, cx
    149	019D  05 0006			     add ax, 6
    150	01A0  03 C0			     add ax, ax
    151	01A2  E8 016D			     call alignFrame
    152
    153					     ; init cycle
    154	01A5  B0 06			     mov al, 6
    155	01A7  B4 01			     mov ah, 1
    156
    157	01A9				     startComplicatedFrameCycle:
    158	01A9  3A E0			     cmp ah, al
    159	01AB  7D 30			     jge endComplicatedFrameCycle
    160	01AD  50				     push ax
    161	01AE  E8 00FC				     call findSymForStr
    162
    163	01B1  8A 14				     mov dl, [si]
    164
    165	01B3  E8 00DD				     call printCompModeStrPreamble
    166
    167	01B6  80 FC 03				     cmp ah, 3
    168	01B9  75 0B				     jne notTextStr
    169	01BB  56					     push si
    170	01BC  BE 008E					     mov si, TEXT_START_ADDR
    171
Turbo Assembler	 Version 4.1	    02/11/26 34:30:12	    Page 4
vidframe.asm



    172	01BF  E8 0117					     call printText
    173
    174	01C2  5E					     pop si
    175	01C3  EB 06 90					     jmp printedStr
    176	01C6					     notTextStr:
    177
    178	01C6  8B C1				     mov ax, cx
    179	01C8  E8 00F8				     call printFrame
    180
    181	01CB					     printedStr:
    182
    183	01CB  E8 00D2				     call printCompModeStrPostamble
    184
    185	01CE  BF 0006				     mov di, 6
    186	01D1  E8 0135				     call videoMemPointerMoveBack
    187	01D4  81 C3 00A0			     add bx, 160     ; move to next line
    188
    189	01D8  58				     pop ax
    190	01D9  FE C4				     inc ah
    191	01DB  EB CC			     jmp startComplicatedFrameCycle
    192	01DD				     endComplicatedFrameCycle:
    193
    194	01DD  C3			     ret
    195	01DE			     complicatedMode ENDP
    196
    197				     ;-----------------------------------------------------------------------
    198				     ; Drawing complicated version of frame with additional parameter in cmd line
    199				     ; Entry: dh = ensStr symbol
    200				     ; Exit:  nop
    201				     ; Exp:   nop
    202				     ; Destr: ax, bx, cx, dx, di, si
    203				     ;-----------------------------------------------------------------------
    204
    205	      =000E		     AMOUNT_ANIMATION_ITERATIONS EQU 14
    206
    207	01DE			     animationMode PROC
    208	01DE  BE 008E			     mov si, TEXT_START_ADDR ; get strlen
    209	01E1  E8 010A			     call strlen
    210
    211	01E4  E8 009C			     call getAnimationIterationsCount
    212
    213	01E7  8A D0			     mov dl, al	  ; al contains	AMOUNT_ANIMATION_ITERATIONS
    214	01E9  32 F6			     xor dh, dh
    215	01EB  80 C6 02			     add dh, 2d
    216
    217	01EE				     StartAnimationCycle:
    218	01EE  3A F0			     cmp dh, al
    219	01F0  7F 6B			     jg	endAnimationCycle
    220	01F2  50				     push ax
    221
    222	01F3  BE 0084				     mov si, FRAME_SYM_START_ADDR
    223
    224	01F6  33 DB				     xor bx, bx
    225	01F8  BB 0370				 mov bx, 160 * 5 + 80; init video segment shift
    226
    227						     ; put align num in	ax
    228
Turbo Assembler	 Version 4.1	    02/11/26 34:30:12	    Page 5
vidframe.asm



    229	01FB  33 C0				     xor ax, ax
    230	01FD  8A C6				     mov al, dh
    231	01FF  02 C0				     add al, al
    232	0201  E8 010E				     call alignFrame
    233
    234						     ; init cycle
    235	0204  B0 06				     mov al, 6d
    236	0206  B4 01				     mov ah, 1d
    237
    238	0208					     startComplicatedFrameCycle2:
    239	0208  3A E0				     cmp ah, al
    240	020A  7D 43				     jge endComplicatedFrameCycle2
    241	020C  50					     push ax
    242	020D  52					     push dx
    243	020E  E8 009C					     call findSymForStr
    244
    245	0211  8A 14					     mov dl, [si]
    246	0213  83 C6 01					     add si, 1d
    247	0216  E8 00E4					     call outSymbol
    248
    249	0219  80 FC 03					     cmp ah, 3d
    250	021C  75 0C					     jne notTextStr2
    251	021E  5A						     pop dx
    252	021F  3A F2						     cmp dh, dl
    253	0221  52						     push dx
    254	0222  7C 06						     jl	notTextStr2
    255
    256	0224  E8 0037						     call animationTextStrCase
    257
    258	0227  EB 0F 90						     jmp printedStr2
    259	022A						     notTextStr2:
    260
    261	022A  8A 14					     mov dl, [si]
    262	022C  83 C6 01					     add si, 1d
    263
    264	022F  33 C0					     xor ax, ax
    265	0231  8A C6					     mov al, dh
    266	0233  2C 02					     sub al, 2d
    267	0235  E8 008B					     call printFrame
    268
    269	0238						     printedStr2:
    270
    271	0238  8A 14					     mov dl, [si]
    272
    273	023A  E8 00C0					     call outSymbol
    274
    275	023D  5A					     pop dx
    276
    277	023E  33 C0					     xor ax, ax
    278	0240  8A C6					     mov al, dh
    279	0242  D1 E0					     shl ax, 1	      ;	ax = dh	* 2
    280	0244  2B D8					     sub bx, ax
    281
    282	0246  81 C3 00A0				     add bx, 160     ; move to next line
    283
    284	024A  58					     pop ax
    285	024B  FE C4					     inc ah
Turbo Assembler	 Version 4.1	    02/11/26 34:30:12	    Page 6
vidframe.asm



    286	024D  EB B9				     jmp startComplicatedFrameCycle2
    287	024F					     endComplicatedFrameCycle2:
    288
    289	024F  51				     push cx
    290	0250  B9 FDE8				     mov cx, 65000d
    291	0253  E8 00CC				     call delayForAnimation
    292	0256  59				     pop cx
    293
    294	0257  80 C6 02				     add dh, 2
    295
    296	025A  58				     pop ax
    297	025B  EB 91			     jmp StartAnimationCycle
    298	025D				     endAnimationCycle:
    299
    300	025D  C3			     ret
    301	025E			     animationMode ENDP
    302
    303				     ;-----------------------------------------------------------------------
    304				     ; Animation string	with text handle
    305				     ; Entry: si = symbol to print addr
    306				     ; Exit:  nop
    307				     ; Exp:   zf = 0 means length str is even
    308				     ;		      zf = 1 means length str is odd
    309				     ; Destr: dl, si, bx, ah
    310				     ;-----------------------------------------------------------------------
    311
    312	025E			     animationTextStrCase PROC
    313	025E  8A 14			     mov dl, [si]
    314	0260  E8 009A			     call outSymbol
    315	0263  E8 0097			     call outSymbol
    316	0266  83 C6 01			     add si, 1d
    317
    318	0269  B6 24			     mov dh, '$'
    319
    320	026B  56			     push si
    321	026C  BE 008E			     mov  si, TEXT_START_ADDR
    322
    323	026F  E8 0067			     call printText
    324
    325	0272  5E			     pop si
    326
    327	0273  E8 0087			     call outSymbol
    328	0276  E8 0084			     call outSymbol
    329
    330	0279  F7 C1 0001		     test cx, 1
    331	027D  74 03			     jz	??not_odd
    332	027F  E8 007B				     call outSymbol
    333	0282				     ??not_odd:
    334
    335	0282  C3			     ret
    336	0283			     animationTextStrCase ENDP
    337
    338				     ;-----------------------------------------------------------------------
    339				     ; finds amount of animation iterations
    340				     ; Entry: cx = final frame size
    341				     ; Exit:  al = amount of animation iterations
    342				     ; Exp:   nop
Turbo Assembler	 Version 4.1	    02/11/26 34:30:12	    Page 7
vidframe.asm



    343				     ; Destr: al
    344				     ;-----------------------------------------------------------------------
    345
    346	0283			     getAnimationIterationsCount PROC
    347	0283  33 C0			     xor ax, ax
    348	0285  8A C1			     mov al, cl
    349
    350	0287  A8 01			     test al, 1
    351
    352	0289  74 05			     jz	??isEven
    353	028B  04 07				     add al, 7d
    354	028D  EB 03 90				     jmp ??end
    355	0290				     ??isEven:
    356	0290  04 06			     add al, 6d
    357
    358	0292				     ??end:
    359	0292  C3			     ret
    360	0293			     getAnimationIterationsCount ENDP
    361
    362				     ;-----------------------------------------------------------------------
    363				     ; makes preamble for string with text in complicatedMode
    364				     ; Entry: si = pointer to next symbol to print
    365				     ; Exit:  nop
    366				     ; Exp:   nop
    367				     ; Destr: dl, bx
    368				     ;-----------------------------------------------------------------------
    369
    370	0293			     printCompModeStrPreamble PROC
    371	0293  E8 0067			     call outSymbol
    372
    373	0296  46			     inc si
    374	0297  8A 14			     mov dl, [si]
    375	0299  E8 0061			     call outSymbol
    376	029C  E8 005E			     call outSymbol
    377
    378	029F  C3			     ret
    379	02A0			     printCompModeStrPreamble ENDP
    380
    381				     ;-----------------------------------------------------------------------
    382				     ; makes postamble for string with text in complicatedMode
    383				     ; Entry: si = pointer to next symbol to print
    384				     ; Exit:  nop
    385				     ; Exp:   nop
    386				     ; Destr: dl, bx
    387				     ;-----------------------------------------------------------------------
    388
    389	02A0			     printCompModeStrPostamble PROC
    390	02A0  E8 005A			     call outSymbol
    391	02A3  E8 0057			     call outSymbol
    392
    393	02A6  46			     inc si
    394	02A7  8A 14			     mov dl, [si]
    395	02A9  E8 0051			     call outSymbol
    396
    397	02AC  C3			     ret
    398	02AD			     printCompModeStrPostamble ENDP
    399
Turbo Assembler	 Version 4.1	    02/11/26 34:30:12	    Page 8
vidframe.asm



    400				     ;-----------------------------------------------------------------------
    401				     ; pareses current needed symbols of frame from cmd	line
    402				     ; Entry: ah = current str to print
    403				     ; Exit:  si = pointer to the needed symbol	in cmd line
    404				     ; Exp:   nop
    405				     ; Destr: si
    406				     ;-----------------------------------------------------------------------
    407
    408	02AD			     findSymForStr PROC
    409	02AD  80 FC 01			     cmp ah, 1
    410	02B0  75 04			     jne notFirst
    411	02B2  BE 0084				     mov si, 84h
    412	02B5  C3				     ret
    413
    414	02B6				     notFirst:
    415	02B6  80 FC 05			     cmp ah, 5
    416	02B9  75 04			     jne notSixth
    417	02BB  BE 008A				     mov si, 84h + 6
    418	02BE  C3				     ret
    419	02BF				     notSixth:
    420
    421	02BF  BE 0087			     mov si, 84h + 3
    422
    423	02C2  C3			     ret
    424	02C3			     findSymForStr ENDP
    425
    426				     ;-----------------------------------------------------------------------
    427				     ; puts string of symbol to	videoMem
    428				     ; Entry: dl = symbol to print with
    429				     ;		      ax = amount symbols to print
    430				     ; Exit:  nop
    431				     ; Exp:   nop
    432				     ; Destr: di, bx
    433				     ;-----------------------------------------------------------------------
    434
    435	02C3			     printFrame	PROC
    436
    437	02C3  BF 0000			     mov di, 0
    438	02C6				     frameCycleStart:
    439	02C6  3B F8			     cmp di, ax
    440	02C8  7D 0E			     jge endFrameCycle
    441
    442	02CA  26: 88 17			     mov byte ptr es:[bx], dl
    443	02CD  26: C6 47	01 04		     mov byte ptr es:[bx + 1], COLOR
    444
    445	02D2  47			     inc di
    446	02D3  83 C3 02			     add bx, 2
    447
    448	02D6  EB EE			     jmp frameCycleStart
    449
    450	02D8				     endFrameCycle:
    451
    452	02D8  C3			     ret
    453	02D9			     printFrame	ENDP
    454
    455				     ;-----------------------------------------------------------------------
    456				     ; puts string to videoMem
Turbo Assembler	 Version 4.1	    02/11/26 34:30:12	    Page 9
vidframe.asm



    457				     ; Entry: Entry: si	= pointer to the begin of str
    458				     ; Exit:  nop
    459				     ; Exp:   dh = ensStr symbol ASCII code
    460				     ;
    461				     ; Destr: ah, si, bx
    462				     ;-----------------------------------------------------------------------
    463
    464	02D9			     printText PROC
    465
    466					     ; text to videomem
    467	02D9				     cycleStart:
    468	02D9  8A 24			     mov ah, [si]
    469
    470	02DB  3A E6			     cmp ah, dh
    471	02DD  74 0E			     je	endStr
    472	02DF  26: 88 27			     mov byte ptr es:[bx], ah
    473	02E2  26: C6 47	01 15		     mov byte ptr es:[bx+1], TEXT_COLOR
    474
    475	02E7  46			     inc si
    476	02E8  83 C3 02			     add bx, 2
    477
    478	02EB  EB EC			     jmp cycleStart
    479
    480	02ED				     endStr:
    481
    482	02ED  C3			     ret
    483	02EE			     printText ENDP
    484
    485				     ;-----------------------------------------------------------------------
    486				     ; counts amount of	symbols	in str with endStr symbol '$'
    487				     ; Entry: si = pointer to the begin	of str
    488				     ; Exit:  cx = length str
    489				     ; Exp:   dh = ensStr symbol ASCII code
    490				     ; Destr: ah, cx, di
    491				     ;-----------------------------------------------------------------------
    492
    493	02EE			     strlen PROC
    494	02EE  8B FE			     mov di, si
    495	02F0  33 C9			     xor cx, cx
    496
    497	02F2				     strlenCycle:
    498	02F2  8A 25			     mov ah, [di]
    499
    500	02F4  3A E6			     cmp ah, dh
    501	02F6  74 04			     je	strlenEnd
    502	02F8  47			     inc di
    503
    504	02F9  41			     inc cx    ; increment symbols counter
    505	02FA  EB F6			     jmp strlenCycle
    506	02FC				     strlenEnd:
    507	02FC  C3			     ret
    508	02FD			     strlen ENDP
    509
    510				     ;-----------------------------------------------------------------------
    511				     ; puts symbol in video memory and moves to	next cell for symbol
    512				     ; Entry: dl      =	symbol of frame
    513				     ;		      es:[bx] =	addr where to put symbol
Turbo Assembler	 Version 4.1	    02/11/26 34:30:12	    Page 10
vidframe.asm



    514				     ; Exit:  nop
    515				     ; Exp:   es:[bx] =	point to appropriate memCell
    516				     ; Destr: bx
    517				     ;-----------------------------------------------------------------------
    518
    519	02FD			     outSymbol PROC
    520	02FD  26: 88 17			     mov byte ptr es:[bx], dl
    521	0300  26: C6 47	01 04		     mov byte ptr es:[bx + 1], COLOR
    522	0305  83 C3 02			     add bx, 2
    523
    524	0308  C3			     ret
    525	0309			     outSymbol ENDP
    526
    527				     ;-----------------------------------------------------------------------
    528				     ; returns bx to the start position
    529				     ; Entry: di = amount of extra symbols except from text symbols
    530				     ; Exit:  nop
    531				     ; Exp:   nop
    532				     ; Destr: ax, bx
    533				     ;-----------------------------------------------------------------------
    534
    535	0309			     videoMemPointerMoveBack PROC
    536	0309  8B C1			     mov ax, cx
    537	030B  03 C7			     add ax, di
    538	030D  03 C0			     add ax, ax
    539
    540	030F  2B D8			     sub bx, ax
    541
    542	0311  C3			     ret
    543	0312			     videoMemPointerMoveBack ENDP
    544
    545				     ;-----------------------------------------------------------------------
    546				     ; Alining frame for it to be in the center	of screen
    547				     ; Entry: ax = width of frame in symbols
    548				     ; Exit:  bx = points at the left side of frame
    549				     ; Exp:   bx = points in the center	of some	string
    550				     ; Destr: ax, bx
    551				     ;-----------------------------------------------------------------------
    552
    553	0312			     alignFrame	PROC
    554	0312  3D 0002			     cmp ax, 2d
    555	0315  75 03			     jne notTwoCase
    556	0317  2B D8				     sub bx, ax
    557	0319  C3				     ret
    558	031A				     notTwoCase:
    559	031A  C1 E8 02			     shr ax, 2
    560	031D  D1 E0			     shl ax, 1
    561	031F  2B D8			     sub bx, ax
    562	0321  C3			     ret
    563	0322			     alignFrame	ENDP
    564
    565				     ;-----------------------------------------------------------------------
    566				     ; Making delay for	correct	displaying of the animation
    567				     ; Entry: cx = amount of tacts to skip
    568				     ; Exit:  nop
    569				     ; Exp:   nop
    570				     ; Destr: cx
Turbo Assembler	 Version 4.1	    02/11/26 34:30:12	    Page 11
vidframe.asm



    571				     ;-----------------------------------------------------------------------
    572
    573	0322			     delayForAnimation PROC
    574	0322				     delay:
    575	0322  90				     nop
    576	0323  E2 FD				     loop delay
    577	0325  C3			     ret
    578	0326			     delayForAnimation ENDP
    579
    580				     end Start
Turbo Assembler	 Version 4.1	    02/11/26 34:30:12	    Page 12
Symbol Table




Symbol Name			  Type	 Value

??DATE				  Text	 "02/11/26"
??END				  Near	 DGROUP:0292
??FILENAME			  Text	 "vidframe"
??ISEVEN			  Near	 DGROUP:0290
??NOT_ODD			  Near	 DGROUP:0282
??TIME				  Text	 "34:30:12"
??VERSION			  Number 040A
@32BIT				  Text	 0
@CODE				  Text	 DGROUP
@CODESIZE			  Text	 0
@CPU				  Text	 0707H
@CURSEG				  Text	 _TEXT
@DATA				  Text	 DGROUP
@DATASIZE			  Text	 0
@FILENAME			  Text	 VIDFRAME
@INTERFACE			  Text	 000H
@MODEL				  Text	 1
@STACK				  Text	 DGROUP
@WORDSIZE			  Text	 2
ALIGNFRAME			  Near	 DGROUP:0312
AMOUNT_ANIMATION_ITERATIONS	  Number 000E
ANIMATIONMODE			  Near	 DGROUP:01DE
ANIMATIONTEXTSTRCASE		  Near	 DGROUP:025E
BASICMODE			  Near	 DGROUP:014E
CHOOSEMODE			  Near	 DGROUP:0114
COLOR				  Number 0004
COMPLICATEDMODE			  Near	 DGROUP:0192
CYCLESTART			  Near	 DGROUP:02D9
DELAY				  Near	 DGROUP:0322
DELAYFORANIMATION		  Near	 DGROUP:0322
ENDANIMATIONCYCLE		  Near	 DGROUP:025D
ENDCOMPLICATEDFRAMECYCLE	  Near	 DGROUP:01DD
ENDCOMPLICATEDFRAMECYCLE2	  Near	 DGROUP:024F
ENDFRAMECYCLE			  Near	 DGROUP:02D8
ENDPROGRAM			  Near	 DGROUP:010F
ENDSTR				  Near	 DGROUP:02ED
FINDSYMFORSTR			  Near	 DGROUP:02AD
FRAMECYCLESTART			  Near	 DGROUP:02C6
FRAME_SYM_START_ADDR		  Number 0084
GETANIMATIONITERATIONSCOUNT	  Near	 DGROUP:0283
MODE_ONE_SYMB			  Number 0003
MODE_TWO_SYMB			  Number 0005
NOTFIRST			  Near	 DGROUP:02B6
NOTFIRSTMODE			  Near	 DGROUP:013A
NOTSECONDMODE			  Near	 DGROUP:0145
NOTSIXTH			  Near	 DGROUP:02BF
NOTTEXTSTR			  Near	 DGROUP:01C6
NOTTEXTSTR2			  Near	 DGROUP:022A
NOTTWOCASE			  Near	 DGROUP:031A
NOTZEROMODE			  Near	 DGROUP:012F
NO_MODE_SYMB			  Number 0004
OUTSYMBOL			  Near	 DGROUP:02FD
PRINTCOMPMODESTRPOSTAMBLE	  Near	 DGROUP:02A0
PRINTCOMPMODESTRPREAMBLE	  Near	 DGROUP:0293
Turbo Assembler	 Version 4.1	    02/11/26 34:30:12	    Page 13
Symbol Table



PRINTEDSTR			  Near	 DGROUP:01CB
PRINTEDSTR2			  Near	 DGROUP:0238
PRINTFRAME			  Near	 DGROUP:02C3
PRINTTEXT			  Near	 DGROUP:02D9
SKIPNOMODE			  Near	 DGROUP:0121
START				  Near	 DGROUP:0100
STARTANIMATIONCYCLE		  Near	 DGROUP:01EE
STARTCOMPLICATEDFRAMECYCLE	  Near	 DGROUP:01A9
STARTCOMPLICATEDFRAMECYCLE2	  Near	 DGROUP:0208
STRLEN				  Near	 DGROUP:02EE
STRLENCYCLE			  Near	 DGROUP:02F2
STRLENEND			  Near	 DGROUP:02FC
TEXT_COLOR			  Number 0015
TEXT_START_ADDR			  Number 008E
VIDEOMEMPOINTERMOVEBACK		  Near	 DGROUP:0309
WRONGMODE			  Near	 DGROUP:011E

Groups & Segments		  Bit Size Align  Combine Class

DGROUP				  Group
  _DATA				  16  0000 Word	  Public  DATA
  _TEXT				  16  0326 Word	  Public  CODE
